11:13:09 [[31merror[39m]: Error: listen EADDRINUSE: address already in use :::5000
    at Server.setupListenHandle [as _listen2] (node:net:1937:16)
    at listenInCluster (node:net:1994:12)
    at Server.listen (node:net:2099:7)
    at start (D:\Capritech Global Services\HomeVistaa\backend\src\server.ts:15:12)
11:25:20 [[31merror[39m]: Error: listen EADDRINUSE: address already in use :::5000
    at Server.setupListenHandle [as _listen2] (node:net:1937:16)
    at listenInCluster (node:net:1994:12)
    at Server.listen (node:net:2099:7)
    at start (D:\Capritech Global Services\HomeVistaa\backend\src\server.ts:15:12)
11:25:20 [[31merror[39m]: Error: listen EADDRINUSE: address already in use :::5000
    at Server.setupListenHandle [as _listen2] (node:net:1937:16)
    at listenInCluster (node:net:1994:12)
    at Server.listen (node:net:2099:7)
    at start (D:\Capritech Global Services\HomeVistaa\backend\src\server.ts:15:12)
11:25:33 [[31merror[39m]: Error: listen EADDRINUSE: address already in use :::5000
    at Server.setupListenHandle [as _listen2] (node:net:1937:16)
    at listenInCluster (node:net:1994:12)
    at Server.listen (node:net:2099:7)
    at start (D:\Capritech Global Services\HomeVistaa\backend\src\server.ts:15:12)
11:25:33 [[31merror[39m]: Error: listen EADDRINUSE: address already in use :::5000
    at Server.setupListenHandle [as _listen2] (node:net:1937:16)
    at listenInCluster (node:net:1994:12)
    at Server.listen (node:net:2099:7)
    at start (D:\Capritech Global Services\HomeVistaa\backend\src\server.ts:15:12)
11:25:48 [[31merror[39m]: Error: listen EADDRINUSE: address already in use :::5000
    at Server.setupListenHandle [as _listen2] (node:net:1937:16)
    at listenInCluster (node:net:1994:12)
    at Server.listen (node:net:2099:7)
    at start (D:\Capritech Global Services\HomeVistaa\backend\src\server.ts:15:12)
11:25:48 [[31merror[39m]: Error: listen EADDRINUSE: address already in use :::5000
    at Server.setupListenHandle [as _listen2] (node:net:1937:16)
    at listenInCluster (node:net:1994:12)
    at Server.listen (node:net:2099:7)
    at start (D:\Capritech Global Services\HomeVistaa\backend\src\server.ts:15:12)
11:34:46 [[31merror[39m]: Error: listen EADDRINUSE: address already in use :::5000
    at Server.setupListenHandle [as _listen2] (node:net:1937:16)
    at listenInCluster (node:net:1994:12)
    at Server.listen (node:net:2099:7)
    at start (D:\Capritech Global Services\HomeVistaa\backend\src\server.ts:15:12)
11:40:48 [[31merror[39m]: Error: listen EADDRINUSE: address already in use :::5000
    at Server.setupListenHandle [as _listen2] (node:net:1937:16)
    at listenInCluster (node:net:1994:12)
    at Server.listen (node:net:2099:7)
    at start (D:\Capritech Global Services\HomeVistaa\backend\src\server.ts:15:12)
11:47:37 [[31merror[39m]: Error: listen EADDRINUSE: address already in use :::5000
    at Server.setupListenHandle [as _listen2] (node:net:1937:16)
    at listenInCluster (node:net:1994:12)
    at Server.listen (node:net:2099:7)
    at start (D:\Capritech Global Services\HomeVistaa\backend\src\server.ts:15:12)
11:47:37 [[31merror[39m]: Error: listen EADDRINUSE: address already in use :::5000
    at Server.setupListenHandle [as _listen2] (node:net:1937:16)
    at listenInCluster (node:net:1994:12)
    at Server.listen (node:net:2099:7)
    at start (D:\Capritech Global Services\HomeVistaa\backend\src\server.ts:15:12)
11:48:23 [[31merror[39m]: Error: listen EADDRINUSE: address already in use :::5000
    at Server.setupListenHandle [as _listen2] (node:net:1937:16)
    at listenInCluster (node:net:1994:12)
    at Server.listen (node:net:2099:7)
    at start (D:\Capritech Global Services\HomeVistaa\backend\src\server.ts:15:12)
11:48:23 [[31merror[39m]: Error: listen EADDRINUSE: address already in use :::5000
    at Server.setupListenHandle [as _listen2] (node:net:1937:16)
    at listenInCluster (node:net:1994:12)
    at Server.listen (node:net:2099:7)
    at start (D:\Capritech Global Services\HomeVistaa\backend\src\server.ts:15:12)
11:48:36 [[31merror[39m]: Error: listen EADDRINUSE: address already in use :::5000
    at Server.setupListenHandle [as _listen2] (node:net:1937:16)
    at listenInCluster (node:net:1994:12)
    at Server.listen (node:net:2099:7)
    at start (D:\Capritech Global Services\HomeVistaa\backend\src\server.ts:15:12)
11:48:37 [[31merror[39m]: Error: listen EADDRINUSE: address already in use :::5000
    at Server.setupListenHandle [as _listen2] (node:net:1937:16)
    at listenInCluster (node:net:1994:12)
    at Server.listen (node:net:2099:7)
    at start (D:\Capritech Global Services\HomeVistaa\backend\src\server.ts:15:12)
11:48:54 [[31merror[39m]: Error: listen EADDRINUSE: address already in use :::5000
    at Server.setupListenHandle [as _listen2] (node:net:1937:16)
    at listenInCluster (node:net:1994:12)
    at Server.listen (node:net:2099:7)
    at start (D:\Capritech Global Services\HomeVistaa\backend\src\server.ts:15:12)
11:48:54 [[31merror[39m]: Error: listen EADDRINUSE: address already in use :::5000
    at Server.setupListenHandle [as _listen2] (node:net:1937:16)
    at listenInCluster (node:net:1994:12)
    at Server.listen (node:net:2099:7)
    at start (D:\Capritech Global Services\HomeVistaa\backend\src\server.ts:15:12)
11:54:12 [[31merror[39m]: Error: listen EADDRINUSE: address already in use :::5000
    at Server.setupListenHandle [as _listen2] (node:net:1937:16)
    at listenInCluster (node:net:1994:12)
    at Server.listen (node:net:2099:7)
    at start (D:\Capritech Global Services\HomeVistaa\backend\src\server.ts:15:12)
17:47:38 [[31merror[39m]: Error: Cannot find module '../database/prisma'
Require stack:
- D:\Capritech Global Services\HomeVistaa\backend\src\controllers\membership.controller.ts
- D:\Capritech Global Services\HomeVistaa\backend\src\routes\membership.routes.ts
- D:\Capritech Global Services\HomeVistaa\backend\src\routes\index.ts
- D:\Capritech Global Services\HomeVistaa\backend\src\app.ts
- D:\Capritech Global Services\HomeVistaa\backend\src\server.ts
    at Function._resolveFilename (node:internal/modules/cjs/loader:1244:15)
    at Function._load (node:internal/modules/cjs/loader:1070:27)
    at TracingChannel.traceSync (node:diagnostics_channel:322:14)
    at wrapModuleLoad (node:internal/modules/cjs/loader:217:24)
    at Module.require (node:internal/modules/cjs/loader:1335:12)
    at require (node:internal/modules/helpers:136:16)
    at Object.<anonymous> (D:\Capritech Global Services\HomeVistaa\backend\src\controllers\membership.controller.ts:2:1)
    at Module.<anonymous> (node:internal/modules/cjs/loader:1562:14)
    at Module._compile (D:\Capritech Global Services\HomeVistaa\backend\node_modules\source-map-support\source-map-support.js:568:25)
    at Module.m._compile (C:\Users\LENOVO\AppData\Local\Temp\ts-node-dev-hook-929636641091534.js:69:33)
18:00:25 [[31merror[39m]: Error: Cannot find module '../database/prisma'
Require stack:
- D:\Capritech Global Services\HomeVistaa\backend\src\controllers\membership.controller.ts
- D:\Capritech Global Services\HomeVistaa\backend\src\routes\membership.routes.ts
- D:\Capritech Global Services\HomeVistaa\backend\src\routes\index.ts
- D:\Capritech Global Services\HomeVistaa\backend\src\app.ts
- D:\Capritech Global Services\HomeVistaa\backend\src\server.ts
    at Function._resolveFilename (node:internal/modules/cjs/loader:1244:15)
    at Function._load (node:internal/modules/cjs/loader:1070:27)
    at TracingChannel.traceSync (node:diagnostics_channel:322:14)
    at wrapModuleLoad (node:internal/modules/cjs/loader:217:24)
    at Module.require (node:internal/modules/cjs/loader:1335:12)
    at require (node:internal/modules/helpers:136:16)
    at Object.<anonymous> (D:\Capritech Global Services\HomeVistaa\backend\src\controllers\membership.controller.ts:2:1)
    at Module.<anonymous> (node:internal/modules/cjs/loader:1562:14)
    at Module._compile (D:\Capritech Global Services\HomeVistaa\backend\node_modules\source-map-support\source-map-support.js:568:25)
    at Module.m._compile (C:\Users\LENOVO\AppData\Local\Temp\ts-node-dev-hook-19550418144558068.js:69:33)
18:03:03 [[31merror[39m]: Error: Cannot find module '../database/prisma'
Require stack:
- D:\Capritech Global Services\HomeVistaa\backend\src\controllers\property-history.controller.ts
- D:\Capritech Global Services\HomeVistaa\backend\src\routes\property-history.routes.ts
- D:\Capritech Global Services\HomeVistaa\backend\src\routes\index.ts
- D:\Capritech Global Services\HomeVistaa\backend\src\app.ts
- D:\Capritech Global Services\HomeVistaa\backend\src\server.ts
    at Function._resolveFilename (node:internal/modules/cjs/loader:1244:15)
    at Function._load (node:internal/modules/cjs/loader:1070:27)
    at TracingChannel.traceSync (node:diagnostics_channel:322:14)
    at wrapModuleLoad (node:internal/modules/cjs/loader:217:24)
    at Module.require (node:internal/modules/cjs/loader:1335:12)
    at require (node:internal/modules/helpers:136:16)
    at Object.<anonymous> (D:\Capritech Global Services\HomeVistaa\backend\src\controllers\property-history.controller.ts:2:1)
    at Module.<anonymous> (node:internal/modules/cjs/loader:1562:14)
    at Module._compile (D:\Capritech Global Services\HomeVistaa\backend\node_modules\source-map-support\source-map-support.js:568:25)
    at Module.m._compile (C:\Users\LENOVO\AppData\Local\Temp\ts-node-dev-hook-19550418144558068.js:69:33)
18:03:11 [[31merror[39m]: Error: Cannot find module '../database/prisma'
Require stack:
- D:\Capritech Global Services\HomeVistaa\backend\src\controllers\user-activity.controller.ts
- D:\Capritech Global Services\HomeVistaa\backend\src\routes\user-activity.routes.ts
- D:\Capritech Global Services\HomeVistaa\backend\src\routes\index.ts
- D:\Capritech Global Services\HomeVistaa\backend\src\app.ts
- D:\Capritech Global Services\HomeVistaa\backend\src\server.ts
    at Function._resolveFilename (node:internal/modules/cjs/loader:1244:15)
    at Function._load (node:internal/modules/cjs/loader:1070:27)
    at TracingChannel.traceSync (node:diagnostics_channel:322:14)
    at wrapModuleLoad (node:internal/modules/cjs/loader:217:24)
    at Module.require (node:internal/modules/cjs/loader:1335:12)
    at require (node:internal/modules/helpers:136:16)
    at Object.<anonymous> (D:\Capritech Global Services\HomeVistaa\backend\src\controllers\user-activity.controller.ts:2:1)
    at Module.<anonymous> (node:internal/modules/cjs/loader:1562:14)
    at Module._compile (D:\Capritech Global Services\HomeVistaa\backend\node_modules\source-map-support\source-map-support.js:568:25)
    at Module.m._compile (C:\Users\LENOVO\AppData\Local\Temp\ts-node-dev-hook-19550418144558068.js:69:33)
18:07:53 [[31merror[39m]: Error: listen EADDRINUSE: address already in use :::5000
    at Server.setupListenHandle [as _listen2] (node:net:1937:16)
    at listenInCluster (node:net:1994:12)
    at Server.listen (node:net:2099:7)
    at start (D:\Capritech Global Services\HomeVistaa\backend\src\server.ts:15:12)
13:20:44 [[31merror[39m]: Error: Route.post() requires a callback function but got a [object Undefined]
    at Route.<computed> [as post] (D:\Capritech Global Services\HomeVistaa\backend\node_modules\express\lib\router\route.js:216:15)
    at Function.proto.<computed> [as post] (D:\Capritech Global Services\HomeVistaa\backend\node_modules\express\lib\router\index.js:521:19)
    at Object.<anonymous> (D:\Capritech Global Services\HomeVistaa\backend\src\routes\listings.routes.ts:14:8)
    at Module.<anonymous> (node:internal/modules/cjs/loader:1562:14)
    at Module._compile (D:\Capritech Global Services\HomeVistaa\backend\node_modules\source-map-support\source-map-support.js:568:25)
    at Module.m._compile (C:\Users\LENOVO\AppData\Local\Temp\ts-node-dev-hook-3905471917017975.js:69:33)
    at node:internal/modules/cjs/loader:1699:10
    at require.extensions..jsx.require.extensions..js (C:\Users\LENOVO\AppData\Local\Temp\ts-node-dev-hook-3905471917017975.js:114:20)
    at require.extensions.<computed> (C:\Users\LENOVO\AppData\Local\Temp\ts-node-dev-hook-3905471917017975.js:71:20)
    at Object.nodeDevHook [as .ts] (D:\Capritech Global Services\HomeVistaa\backend\node_modules\ts-node-dev\lib\hook.js:63:13)
18:37:25 [[31merror[39m]: Error: listen EADDRINUSE: address already in use :::5000
    at Server.setupListenHandle [as _listen2] (node:net:1937:16)
    at listenInCluster (node:net:1994:12)
    at Server.listen (node:net:2099:7)
    at start (D:\Capritech Global Services\HomeVistaa\backend\src\server.ts:15:12)
10:31:51 [[31merror[39m]: Error: listen EADDRINUSE: address already in use :::5000
    at Server.setupListenHandle [as _listen2] (node:net:1937:16)
    at listenInCluster (node:net:1994:12)
    at Server.listen (node:net:2099:7)
    at start (D:\Capritech Global Services\HomeVistaa\backend\src\server.ts:15:12)
10:36:42 [[31merror[39m]: Error: listen EADDRINUSE: address already in use :::5000
    at Server.setupListenHandle [as _listen2] (node:net:1937:16)
    at listenInCluster (node:net:1994:12)
    at Server.listen (node:net:2099:7)
    at start (D:\Capritech Global Services\HomeVistaa\backend\src\server.ts:15:12)
10:45:58 [[31merror[39m]: Error: listen EADDRINUSE: address already in use :::5000
    at Server.setupListenHandle [as _listen2] (node:net:1937:16)
    at listenInCluster (node:net:1994:12)
    at Server.listen (node:net:2099:7)
    at start (D:\Capritech Global Services\HomeVistaa\backend\src\server.ts:15:12)
17:28:10 [[31merror[39m]: Error: Route.post() requires a callback function but got a [object Undefined]
    at Route.<computed> [as post] (D:\Capritech Global Services\HomeVistaa\backend\node_modules\express\lib\router\route.js:216:15)
    at Function.proto.<computed> [as post] (D:\Capritech Global Services\HomeVistaa\backend\node_modules\express\lib\router\index.js:521:19)
    at Object.<anonymous> (D:\Capritech Global Services\HomeVistaa\backend\src\routes\profile.routes.ts:19:8)
    at Module.<anonymous> (node:internal/modules/cjs/loader:1562:14)
    at Module._compile (D:\Capritech Global Services\HomeVistaa\backend\node_modules\source-map-support\source-map-support.js:568:25)
    at Module.m._compile (C:\Users\LENOVO\AppData\Local\Temp\ts-node-dev-hook-7134322001661382.js:69:33)
    at node:internal/modules/cjs/loader:1699:10
    at require.extensions..jsx.require.extensions..js (C:\Users\LENOVO\AppData\Local\Temp\ts-node-dev-hook-7134322001661382.js:114:20)
    at require.extensions.<computed> (C:\Users\LENOVO\AppData\Local\Temp\ts-node-dev-hook-7134322001661382.js:71:20)
    at Object.nodeDevHook [as .ts] (D:\Capritech Global Services\HomeVistaa\backend\node_modules\ts-node-dev\lib\hook.js:63:13)
12:05:37 [[31merror[39m]: Error: listen EADDRINUSE: address already in use :::5000
    at Server.setupListenHandle [as _listen2] (node:net:1937:16)
    at listenInCluster (node:net:1994:12)
    at Server.listen (node:net:2099:7)
    at start (D:\Capritech Global Services\HomeVistaa\backend\src\server.ts:15:12)
12:27:37 [[31merror[39m]: Error: Cannot find module '../database/prisma'
Require stack:
- D:\Capritech Global Services\HomeVistaa\backend\src\repositories\referral.repository.ts
- D:\Capritech Global Services\HomeVistaa\backend\src\controllers\referrals.controller.ts
- D:\Capritech Global Services\HomeVistaa\backend\src\routes\referrals.routes.ts
- D:\Capritech Global Services\HomeVistaa\backend\src\routes\index.ts
- D:\Capritech Global Services\HomeVistaa\backend\src\app.ts
- D:\Capritech Global Services\HomeVistaa\backend\src\server.ts
    at Function._resolveFilename (node:internal/modules/cjs/loader:1244:15)
    at Function._load (node:internal/modules/cjs/loader:1070:27)
    at TracingChannel.traceSync (node:diagnostics_channel:322:14)
    at wrapModuleLoad (node:internal/modules/cjs/loader:217:24)
    at Module.require (node:internal/modules/cjs/loader:1335:12)
    at require (node:internal/modules/helpers:136:16)
    at Object.<anonymous> (D:\Capritech Global Services\HomeVistaa\backend\src\repositories\referral.repository.ts:1:1)
    at Module.<anonymous> (node:internal/modules/cjs/loader:1562:14)
    at Module._compile (D:\Capritech Global Services\HomeVistaa\backend\node_modules\source-map-support\source-map-support.js:568:25)
    at Module.m._compile (C:\Users\LENOVO\AppData\Local\Temp\ts-node-dev-hook-5679422219941608.js:69:33)
12:31:48 [[31merror[39m]: Error: Cannot find module '../database/prisma'
Require stack:
- D:\Capritech Global Services\HomeVistaa\backend\src\repositories\referral.repository.ts
- D:\Capritech Global Services\HomeVistaa\backend\src\controllers\referrals.controller.ts
- D:\Capritech Global Services\HomeVistaa\backend\src\routes\referrals.routes.ts
- D:\Capritech Global Services\HomeVistaa\backend\src\routes\index.ts
- D:\Capritech Global Services\HomeVistaa\backend\src\app.ts
- D:\Capritech Global Services\HomeVistaa\backend\src\server.ts
    at Function._resolveFilename (node:internal/modules/cjs/loader:1244:15)
    at Function._load (node:internal/modules/cjs/loader:1070:27)
    at TracingChannel.traceSync (node:diagnostics_channel:322:14)
    at wrapModuleLoad (node:internal/modules/cjs/loader:217:24)
    at Module.require (node:internal/modules/cjs/loader:1335:12)
    at require (node:internal/modules/helpers:136:16)
    at Object.<anonymous> (D:\Capritech Global Services\HomeVistaa\backend\src\repositories\referral.repository.ts:1:1)
    at Module.<anonymous> (node:internal/modules/cjs/loader:1562:14)
    at Module._compile (D:\Capritech Global Services\HomeVistaa\backend\node_modules\source-map-support\source-map-support.js:568:25)
    at Module.m._compile (C:\Users\LENOVO\AppData\Local\Temp\ts-node-dev-hook-3219181935779676.js:69:33)
12:32:09 [[31merror[39m]: Error: listen EADDRINUSE: address already in use :::5000
    at Server.setupListenHandle [as _listen2] (node:net:1937:16)
    at listenInCluster (node:net:1994:12)
    at Server.listen (node:net:2099:7)
    at start (D:\Capritech Global Services\HomeVistaa\backend\src\server.ts:15:12)
12:32:31 [[31merror[39m]: Error: listen EADDRINUSE: address already in use :::5000
    at Server.setupListenHandle [as _listen2] (node:net:1937:16)
    at listenInCluster (node:net:1994:12)
    at Server.listen (node:net:2099:7)
    at start (D:\Capritech Global Services\HomeVistaa\backend\src\server.ts:15:12)
12:46:10 [[31merror[39m]: Error: listen EADDRINUSE: address already in use :::5000
    at Server.setupListenHandle [as _listen2] (node:net:1937:16)
    at listenInCluster (node:net:1994:12)
    at Server.listen (node:net:2099:7)
    at start (D:\Capritech Global Services\HomeVistaa\backend\src\server.ts:15:12)
12:46:10 [[31merror[39m]: Error: listen EADDRINUSE: address already in use :::5000
    at Server.setupListenHandle [as _listen2] (node:net:1937:16)
    at listenInCluster (node:net:1994:12)
    at Server.listen (node:net:2099:7)
    at start (D:\Capritech Global Services\HomeVistaa\backend\src\server.ts:15:12)
12:46:10 [[31merror[39m]: Error: listen EADDRINUSE: address already in use :::5000
    at Server.setupListenHandle [as _listen2] (node:net:1937:16)
    at listenInCluster (node:net:1994:12)
    at Server.listen (node:net:2099:7)
    at start (D:\Capritech Global Services\HomeVistaa\backend\src\server.ts:15:12)
12:46:22 [[31merror[39m]: Error: listen EADDRINUSE: address already in use :::5000
    at Server.setupListenHandle [as _listen2] (node:net:1937:16)
    at listenInCluster (node:net:1994:12)
    at Server.listen (node:net:2099:7)
    at start (D:\Capritech Global Services\HomeVistaa\backend\src\server.ts:15:12)
12:46:22 [[31merror[39m]: Error: listen EADDRINUSE: address already in use :::5000
    at Server.setupListenHandle [as _listen2] (node:net:1937:16)
    at listenInCluster (node:net:1994:12)
    at Server.listen (node:net:2099:7)
    at start (D:\Capritech Global Services\HomeVistaa\backend\src\server.ts:15:12)
12:46:22 [[31merror[39m]: Error: listen EADDRINUSE: address already in use :::5000
    at Server.setupListenHandle [as _listen2] (node:net:1937:16)
    at listenInCluster (node:net:1994:12)
    at Server.listen (node:net:2099:7)
    at start (D:\Capritech Global Services\HomeVistaa\backend\src\server.ts:15:12)
12:46:49 [[31merror[39m]: Error: listen EADDRINUSE: address already in use :::5000
    at Server.setupListenHandle [as _listen2] (node:net:1937:16)
    at listenInCluster (node:net:1994:12)
    at Server.listen (node:net:2099:7)
    at start (D:\Capritech Global Services\HomeVistaa\backend\src\server.ts:15:12)
12:46:49 [[31merror[39m]: Error: listen EADDRINUSE: address already in use :::5000
    at Server.setupListenHandle [as _listen2] (node:net:1937:16)
    at listenInCluster (node:net:1994:12)
    at Server.listen (node:net:2099:7)
    at start (D:\Capritech Global Services\HomeVistaa\backend\src\server.ts:15:12)
12:46:49 [[31merror[39m]: Error: listen EADDRINUSE: address already in use :::5000
    at Server.setupListenHandle [as _listen2] (node:net:1937:16)
    at listenInCluster (node:net:1994:12)
    at Server.listen (node:net:2099:7)
    at start (D:\Capritech Global Services\HomeVistaa\backend\src\server.ts:15:12)
12:47:04 [[31merror[39m]: Error: listen EADDRINUSE: address already in use :::5000
    at Server.setupListenHandle [as _listen2] (node:net:1937:16)
    at listenInCluster (node:net:1994:12)
    at Server.listen (node:net:2099:7)
    at start (D:\Capritech Global Services\HomeVistaa\backend\src\server.ts:15:12)
12:47:04 [[31merror[39m]: Error: listen EADDRINUSE: address already in use :::5000
    at Server.setupListenHandle [as _listen2] (node:net:1937:16)
    at listenInCluster (node:net:1994:12)
    at Server.listen (node:net:2099:7)
    at start (D:\Capritech Global Services\HomeVistaa\backend\src\server.ts:15:12)
12:47:04 [[31merror[39m]: Error: listen EADDRINUSE: address already in use :::5000
    at Server.setupListenHandle [as _listen2] (node:net:1937:16)
    at listenInCluster (node:net:1994:12)
    at Server.listen (node:net:2099:7)
    at start (D:\Capritech Global Services\HomeVistaa\backend\src\server.ts:15:12)
12:47:16 [[31merror[39m]: Error: listen EADDRINUSE: address already in use :::5000
    at Server.setupListenHandle [as _listen2] (node:net:1937:16)
    at listenInCluster (node:net:1994:12)
    at Server.listen (node:net:2099:7)
    at start (D:\Capritech Global Services\HomeVistaa\backend\src\server.ts:15:12)
13:01:55 [[31merror[39m]: Error: listen EADDRINUSE: address already in use :::5000
    at Server.setupListenHandle [as _listen2] (node:net:1937:16)
    at listenInCluster (node:net:1994:12)
    at Server.listen (node:net:2099:7)
    at start (D:\Capritech Global Services\HomeVistaa\backend\src\server.ts:15:12)
13:01:55 [[31merror[39m]: Error: listen EADDRINUSE: address already in use :::5000
    at Server.setupListenHandle [as _listen2] (node:net:1937:16)
    at listenInCluster (node:net:1994:12)
    at Server.listen (node:net:2099:7)
    at start (D:\Capritech Global Services\HomeVistaa\backend\src\server.ts:15:12)
13:01:55 [[31merror[39m]: Error: listen EADDRINUSE: address already in use :::5000
    at Server.setupListenHandle [as _listen2] (node:net:1937:16)
    at listenInCluster (node:net:1994:12)
    at Server.listen (node:net:2099:7)
    at start (D:\Capritech Global Services\HomeVistaa\backend\src\server.ts:15:12)
13:02:23 [[31merror[39m]: Error: listen EADDRINUSE: address already in use :::5000
    at Server.setupListenHandle [as _listen2] (node:net:1937:16)
    at listenInCluster (node:net:1994:12)
    at Server.listen (node:net:2099:7)
    at start (D:\Capritech Global Services\HomeVistaa\backend\src\server.ts:15:12)
13:02:23 [[31merror[39m]: Error: listen EADDRINUSE: address already in use :::5000
    at Server.setupListenHandle [as _listen2] (node:net:1937:16)
    at listenInCluster (node:net:1994:12)
    at Server.listen (node:net:2099:7)
    at start (D:\Capritech Global Services\HomeVistaa\backend\src\server.ts:15:12)
13:02:23 [[31merror[39m]: Error: listen EADDRINUSE: address already in use :::5000
    at Server.setupListenHandle [as _listen2] (node:net:1937:16)
    at listenInCluster (node:net:1994:12)
    at Server.listen (node:net:2099:7)
    at start (D:\Capritech Global Services\HomeVistaa\backend\src\server.ts:15:12)
13:02:42 [[31merror[39m]: Error: listen EADDRINUSE: address already in use :::5000
    at Server.setupListenHandle [as _listen2] (node:net:1937:16)
    at listenInCluster (node:net:1994:12)
    at Server.listen (node:net:2099:7)
    at start (D:\Capritech Global Services\HomeVistaa\backend\src\server.ts:15:12)
13:02:42 [[31merror[39m]: Error: listen EADDRINUSE: address already in use :::5000
    at Server.setupListenHandle [as _listen2] (node:net:1937:16)
    at listenInCluster (node:net:1994:12)
    at Server.listen (node:net:2099:7)
    at start (D:\Capritech Global Services\HomeVistaa\backend\src\server.ts:15:12)
13:02:42 [[31merror[39m]: Error: listen EADDRINUSE: address already in use :::5000
    at Server.setupListenHandle [as _listen2] (node:net:1937:16)
    at listenInCluster (node:net:1994:12)
    at Server.listen (node:net:2099:7)
    at start (D:\Capritech Global Services\HomeVistaa\backend\src\server.ts:15:12)
13:03:59 [[31merror[39m]: Error: listen EADDRINUSE: address already in use :::5000
    at Server.setupListenHandle [as _listen2] (node:net:1937:16)
    at listenInCluster (node:net:1994:12)
    at Server.listen (node:net:2099:7)
    at start (D:\Capritech Global Services\HomeVistaa\backend\src\server.ts:15:12)
13:03:59 [[31merror[39m]: Error: listen EADDRINUSE: address already in use :::5000
    at Server.setupListenHandle [as _listen2] (node:net:1937:16)
    at listenInCluster (node:net:1994:12)
    at Server.listen (node:net:2099:7)
    at start (D:\Capritech Global Services\HomeVistaa\backend\src\server.ts:15:12)
13:03:59 [[31merror[39m]: Error: listen EADDRINUSE: address already in use :::5000
    at Server.setupListenHandle [as _listen2] (node:net:1937:16)
    at listenInCluster (node:net:1994:12)
    at Server.listen (node:net:2099:7)
    at start (D:\Capritech Global Services\HomeVistaa\backend\src\server.ts:15:12)
13:04:13 [[31merror[39m]: Error: listen EADDRINUSE: address already in use :::5000
    at Server.setupListenHandle [as _listen2] (node:net:1937:16)
    at listenInCluster (node:net:1994:12)
    at Server.listen (node:net:2099:7)
    at start (D:\Capritech Global Services\HomeVistaa\backend\src\server.ts:15:12)
13:13:36 [[31merror[39m]: Error: Route.post() requires a callback function but got a [object Undefined]
    at Route.<computed> [as post] (D:\Capritech Global Services\HomeVistaa\backend\node_modules\express\lib\router\route.js:216:15)
    at Function.proto.<computed> [as post] (D:\Capritech Global Services\HomeVistaa\backend\node_modules\express\lib\router\index.js:521:19)
    at Object.<anonymous> (D:\Capritech Global Services\HomeVistaa\backend\src\routes\referrals.routes.ts:10:8)
    at Module.<anonymous> (node:internal/modules/cjs/loader:1562:14)
    at Module._compile (D:\Capritech Global Services\HomeVistaa\backend\node_modules\source-map-support\source-map-support.js:568:25)
    at Module.m._compile (C:\Users\LENOVO\AppData\Local\Temp\ts-node-dev-hook-21202085043901064.js:69:33)
    at node:internal/modules/cjs/loader:1699:10
    at require.extensions..jsx.require.extensions..js (C:\Users\LENOVO\AppData\Local\Temp\ts-node-dev-hook-21202085043901064.js:114:20)
    at require.extensions.<computed> (C:\Users\LENOVO\AppData\Local\Temp\ts-node-dev-hook-21202085043901064.js:71:20)
    at Object.nodeDevHook [as .ts] (D:\Capritech Global Services\HomeVistaa\backend\node_modules\ts-node-dev\lib\hook.js:63:13)
13:30:59 [[31merror[39m]: Error: listen EADDRINUSE: address already in use :::5000
    at Server.setupListenHandle [as _listen2] (node:net:1937:16)
    at listenInCluster (node:net:1994:12)
    at Server.listen (node:net:2099:7)
    at start (D:\Capritech Global Services\HomeVistaa\backend\src\server.ts:15:12)
13:34:55 [[31merror[39m]: Error: listen EADDRINUSE: address already in use :::5000
    at Server.setupListenHandle [as _listen2] (node:net:1937:16)
    at listenInCluster (node:net:1994:12)
    at Server.listen (node:net:2099:7)
    at start (D:\Capritech Global Services\HomeVistaa\backend\src\server.ts:15:12)
13:35:18 [[31merror[39m]: Error: listen EADDRINUSE: address already in use :::5000
    at Server.setupListenHandle [as _listen2] (node:net:1937:16)
    at listenInCluster (node:net:1994:12)
    at Server.listen (node:net:2099:7)
    at start (D:\Capritech Global Services\HomeVistaa\backend\src\server.ts:15:12)
13:43:24 [[31merror[39m]: Error: listen EADDRINUSE: address already in use :::5000
    at Server.setupListenHandle [as _listen2] (node:net:1937:16)
    at listenInCluster (node:net:1994:12)
    at Server.listen (node:net:2099:7)
    at start (D:\Capritech Global Services\HomeVistaa\backend\src\server.ts:15:12)
13:45:25 [[31merror[39m]: Error: listen EADDRINUSE: address already in use :::5000
    at Server.setupListenHandle [as _listen2] (node:net:1937:16)
    at listenInCluster (node:net:1994:12)
    at Server.listen (node:net:2099:7)
    at start (D:\Capritech Global Services\HomeVistaa\backend\src\server.ts:15:12)
13:49:05 [[31merror[39m]: Error: listen EADDRINUSE: address already in use :::5000
    at Server.setupListenHandle [as _listen2] (node:net:1937:16)
    at listenInCluster (node:net:1994:12)
    at Server.listen (node:net:2099:7)
    at start (D:\Capritech Global Services\HomeVistaa\backend\src\server.ts:15:12)
14:04:40 [[31merror[39m]: Error: listen EADDRINUSE: address already in use :::5000
    at Server.setupListenHandle [as _listen2] (node:net:1937:16)
    at listenInCluster (node:net:1994:12)
    at Server.listen (node:net:2099:7)
    at start (D:\Capritech Global Services\HomeVistaa\backend\src\server.ts:15:12)
14:06:20 [[31merror[39m]: Error: listen EADDRINUSE: address already in use :::5000
    at Server.setupListenHandle [as _listen2] (node:net:1937:16)
    at listenInCluster (node:net:1994:12)
    at Server.listen (node:net:2099:7)
    at start (D:\Capritech Global Services\HomeVistaa\backend\src\server.ts:15:12)
14:06:28 [[31merror[39m]: Error: listen EADDRINUSE: address already in use :::5000
    at Server.setupListenHandle [as _listen2] (node:net:1937:16)
    at listenInCluster (node:net:1994:12)
    at Server.listen (node:net:2099:7)
    at start (D:\Capritech Global Services\HomeVistaa\backend\src\server.ts:15:12)
14:06:37 [[31merror[39m]: Error: listen EADDRINUSE: address already in use :::5000
    at Server.setupListenHandle [as _listen2] (node:net:1937:16)
    at listenInCluster (node:net:1994:12)
    at Server.listen (node:net:2099:7)
    at start (D:\Capritech Global Services\HomeVistaa\backend\src\server.ts:15:12)
16:50:52 [[31merror[39m]: Error: listen EADDRINUSE: address already in use :::5000
    at Server.setupListenHandle [as _listen2] (node:net:1937:16)
    at listenInCluster (node:net:1994:12)
    at Server.listen (node:net:2099:7)
    at start (D:\Capritech Global Services\HomeVistaa\backend\src\server.ts:15:12)
16:51:08 [[31merror[39m]: Error: listen EADDRINUSE: address already in use :::5000
    at Server.setupListenHandle [as _listen2] (node:net:1937:16)
    at listenInCluster (node:net:1994:12)
    at Server.listen (node:net:2099:7)
    at start (D:\Capritech Global Services\HomeVistaa\backend\src\server.ts:15:12)
17:28:08 [[31merror[39m]: Error: listen EADDRINUSE: address already in use :::5000
    at Server.setupListenHandle [as _listen2] (node:net:1937:16)
    at listenInCluster (node:net:1994:12)
    at Server.listen (node:net:2099:7)
    at start (D:\Capritech Global Services\HomeVistaa\backend\src\server.ts:15:12)
17:28:19 [[31merror[39m]: Error: listen EADDRINUSE: address already in use :::5000
    at Server.setupListenHandle [as _listen2] (node:net:1937:16)
    at listenInCluster (node:net:1994:12)
    at Server.listen (node:net:2099:7)
    at start (D:\Capritech Global Services\HomeVistaa\backend\src\server.ts:15:12)
17:28:34 [[31merror[39m]: Error: listen EADDRINUSE: address already in use :::5000
    at Server.setupListenHandle [as _listen2] (node:net:1937:16)
    at listenInCluster (node:net:1994:12)
    at Server.listen (node:net:2099:7)
    at start (D:\Capritech Global Services\HomeVistaa\backend\src\server.ts:15:12)
17:28:54 [[31merror[39m]: Error: listen EADDRINUSE: address already in use :::5000
    at Server.setupListenHandle [as _listen2] (node:net:1937:16)
    at listenInCluster (node:net:1994:12)
    at Server.listen (node:net:2099:7)
    at start (D:\Capritech Global Services\HomeVistaa\backend\src\server.ts:15:12)
17:29:26 [[31merror[39m]: Error: listen EADDRINUSE: address already in use :::5000
    at Server.setupListenHandle [as _listen2] (node:net:1937:16)
    at listenInCluster (node:net:1994:12)
    at Server.listen (node:net:2099:7)
    at start (D:\Capritech Global Services\HomeVistaa\backend\src\server.ts:15:12)
10:45:08 [[31merror[39m]: Error: listen EADDRINUSE: address already in use :::5000
    at Server.setupListenHandle [as _listen2] (node:net:1937:16)
    at listenInCluster (node:net:1994:12)
    at Server.listen (node:net:2099:7)
    at start (D:\Capritech Global Services\HomeVistaa\backend\src\server.ts:15:12)
11:54:52 [[31merror[39m]: Error: listen EADDRINUSE: address already in use :::5000
    at Server.setupListenHandle [as _listen2] (node:net:1937:16)
    at listenInCluster (node:net:1994:12)
    at Server.listen (node:net:2099:7)
    at start (D:\Capritech Global Services\HomeVistaa\backend\src\server.ts:15:12)
12:39:49 [[31merror[39m]: Error: listen EADDRINUSE: address already in use :::5000
    at Server.setupListenHandle [as _listen2] (node:net:1937:16)
    at listenInCluster (node:net:1994:12)
    at Server.listen (node:net:2099:7)
    at start (D:\Capritech Global Services\HomeVistaa\backend\src\server.ts:15:12)
13:05:58 [[31merror[39m]: Error: listen EADDRINUSE: address already in use :::5000
    at Server.setupListenHandle [as _listen2] (node:net:1937:16)
    at listenInCluster (node:net:1994:12)
    at Server.listen (node:net:2099:7)
    at start (D:\Capritech Global Services\HomeVistaa\backend\src\server.ts:15:12)
13:08:58 [[31merror[39m]: Error: listen EADDRINUSE: address already in use :::5000
    at Server.setupListenHandle [as _listen2] (node:net:1937:16)
    at listenInCluster (node:net:1994:12)
    at Server.listen (node:net:2099:7)
    at start (D:\Capritech Global Services\HomeVistaa\backend\src\server.ts:15:12)
13:25:34 [[31merror[39m]: Error: listen EADDRINUSE: address already in use :::5000
    at Server.setupListenHandle [as _listen2] (node:net:1937:16)
    at listenInCluster (node:net:1994:12)
    at Server.listen (node:net:2099:7)
    at start (D:\Capritech Global Services\HomeVistaa\backend\src\server.ts:15:12)
13:57:50 [[31merror[39m]: Error: listen EADDRINUSE: address already in use :::5000
    at Server.setupListenHandle [as _listen2] (node:net:1937:16)
    at listenInCluster (node:net:1994:12)
    at Server.listen (node:net:2099:7)
    at start (D:\Capritech Global Services\HomeVistaa\backend\src\server.ts:15:12)
10:56:01 [[31merror[39m]: Error: listen EADDRINUSE: address already in use :::5000
    at Server.setupListenHandle [as _listen2] (node:net:1937:16)
    at listenInCluster (node:net:1994:12)
    at Server.listen (node:net:2099:7)
    at start (D:\Capritech Global Services\HomeVistaa\backend\src\server.ts:15:12)
11:02:46 [[31merror[39m]: Error: listen EADDRINUSE: address already in use :::5000
    at Server.setupListenHandle [as _listen2] (node:net:1937:16)
    at listenInCluster (node:net:1994:12)
    at Server.listen (node:net:2099:7)
    at start (D:\Capritech Global Services\HomeVistaa\backend\src\server.ts:15:12)
11:20:13 [[31merror[39m]: Error: listen EADDRINUSE: address already in use :::5000
    at Server.setupListenHandle [as _listen2] (node:net:1937:16)
    at listenInCluster (node:net:1994:12)
    at Server.listen (node:net:2099:7)
    at start (D:\Capritech Global Services\HomeVistaa\backend\src\server.ts:15:12)
11:33:52 [[31merror[39m]: Error: listen EADDRINUSE: address already in use :::5000
    at Server.setupListenHandle [as _listen2] (node:net:1937:16)
    at listenInCluster (node:net:1994:12)
    at Server.listen (node:net:2099:7)
    at start (D:\Capritech Global Services\HomeVistaa\backend\src\server.ts:15:12)
16:43:59 [[31merror[39m]: Error: listen EADDRINUSE: address already in use :::5000
    at Server.setupListenHandle [as _listen2] (node:net:1937:16)
    at listenInCluster (node:net:1994:12)
    at Server.listen (node:net:2099:7)
    at start (D:\Capritech Global Services\HomeVistaa\backend\src\server.ts:15:12)
11:25:35 [[31merror[39m]: Error: listen EADDRINUSE: address already in use :::5000
    at Server.setupListenHandle [as _listen2] (node:net:1937:16)
    at listenInCluster (node:net:1994:12)
    at Server.listen (node:net:2099:7)
    at start (D:\Capritech Global Services\HomeVistaa\backend\src\server.ts:15:12)
11:32:51 [[31merror[39m]: Error: listen EADDRINUSE: address already in use :::5000
    at Server.setupListenHandle [as _listen2] (node:net:1937:16)
    at listenInCluster (node:net:1994:12)
    at Server.listen (node:net:2099:7)
    at start (D:\Capritech Global Services\HomeVistaa\backend\src\server.ts:15:12)
11:48:52 [[31merror[39m]: Error: listen EADDRINUSE: address already in use :::5000
    at Server.setupListenHandle [as _listen2] (node:net:1937:16)
    at listenInCluster (node:net:1994:12)
    at Server.listen (node:net:2099:7)
    at start (D:\Capritech Global Services\HomeVistaa\backend\src\server.ts:15:12)
12:00:03 [[31merror[39m]: Error: listen EADDRINUSE: address already in use :::5000
    at Server.setupListenHandle [as _listen2] (node:net:1937:16)
    at listenInCluster (node:net:1994:12)
    at Server.listen (node:net:2099:7)
    at start (D:\Capritech Global Services\HomeVistaa\backend\src\server.ts:15:12)
15:18:24 [[31merror[39m]: Error: listen EADDRINUSE: address already in use :::5000
    at Server.setupListenHandle [as _listen2] (node:net:1937:16)
    at listenInCluster (node:net:1994:12)
    at Server.listen (node:net:2099:7)
    at start (D:\Capritech Global Services\HomeVistaa\backend\src\server.ts:15:12)
11:12:31 [[31merror[39m]: Error: listen EADDRINUSE: address already in use :::5000
    at Server.setupListenHandle [as _listen2] (node:net:1937:16)
    at listenInCluster (node:net:1994:12)
    at Server.listen (node:net:2099:7)
    at start (D:\Capritech Global Services\HomeVistaa\backend\src\server.ts:15:12)
11:30:16 [[31merror[39m]: Error: listen EADDRINUSE: address already in use :::5000
    at Server.setupListenHandle [as _listen2] (node:net:1937:16)
    at listenInCluster (node:net:1994:12)
    at Server.listen (node:net:2099:7)
    at start (D:\Capritech Global Services\HomeVistaa\backend\src\server.ts:15:12)
19:01:06 [[31merror[39m]: Error: listen EADDRINUSE: address already in use :::5000
    at Server.setupListenHandle [as _listen2] (node:net:1937:16)
    at listenInCluster (node:net:1994:12)
    at Server.listen (node:net:2099:7)
    at start (D:\Capritech Global Services\HomeVistaa\backend\src\server.ts:15:12)
12:04:51 [[31merror[39m]: TSError: ⨯ Unable to compile TypeScript:
src/utils/response.ts(18,42): error TS2345: Argument of type '201' is not assignable to parameter of type '200'.
src/utils/response.ts(37,34): error TS2345: Argument of type '400' is not assignable to parameter of type '500'.
src/utils/response.ts(41,34): error TS2345: Argument of type '401' is not assignable to parameter of type '500'.
src/utils/response.ts(45,34): error TS2345: Argument of type '403' is not assignable to parameter of type '500'.
src/utils/response.ts(49,34): error TS2345: Argument of type '404' is not assignable to parameter of type '500'.
src/utils/response.ts(53,34): error TS2345: Argument of type '409' is not assignable to parameter of type '500'.
src/utils/response.ts(57,34): error TS2345: Argument of type '429' is not assignable to parameter of type '500'.

    at createTSError (D:\Capritech Global Services\HomeVistaa\backend\node_modules\ts-node\src\index.ts:859:12)
    at reportTSError (D:\Capritech Global Services\HomeVistaa\backend\node_modules\ts-node\src\index.ts:863:19)
    at getOutput (D:\Capritech Global Services\HomeVistaa\backend\node_modules\ts-node\src\index.ts:1077:36)
    at Object.compile (D:\Capritech Global Services\HomeVistaa\backend\node_modules\ts-node\src\index.ts:1433:41)
    at Module.m._compile (D:\Capritech Global Services\HomeVistaa\backend\node_modules\ts-node\src\index.ts:1617:30)
    at node:internal/modules/cjs/loader:1699:10
    at Object.require.extensions.<computed> [as .ts] (D:\Capritech Global Services\HomeVistaa\backend\node_modules\ts-node\src\index.ts:1621:12)
    at Module.load (node:internal/modules/cjs/loader:1313:32)
    at Function._load (node:internal/modules/cjs/loader:1123:12)
    at TracingChannel.traceSync (node:diagnostics_channel:322:14)
12:07:03 [[31merror[39m]: Error: listen EADDRINUSE: address already in use :::5000
    at Server.setupListenHandle [as _listen2] (node:net:1937:16)
    at listenInCluster (node:net:1994:12)
    at Server.listen (node:net:2099:7)
    at start (D:\Capritech Global Services\HomeVistaa\backend\src\server.ts:15:12)
12:12:29 [[31merror[39m]: Error: listen EADDRINUSE: address already in use :::5000
    at Server.setupListenHandle [as _listen2] (node:net:1937:16)
    at listenInCluster (node:net:1994:12)
    at Server.listen (node:net:2099:7)
    at start (D:\Capritech Global Services\HomeVistaa\backend\src\server.ts:15:12)
12:15:11 [[31merror[39m]: Error: listen EADDRINUSE: address already in use :::5000
    at Server.setupListenHandle [as _listen2] (node:net:1937:16)
    at listenInCluster (node:net:1994:12)
    at Server.listen (node:net:2099:7)
    at start (D:\Capritech Global Services\HomeVistaa\backend\src\server.ts:15:12)
12:18:49 [[31merror[39m]: Error: listen EADDRINUSE: address already in use :::5000
    at Server.setupListenHandle [as _listen2] (node:net:1937:16)
    at listenInCluster (node:net:1994:12)
    at Server.listen (node:net:2099:7)
    at start (D:\Capritech Global Services\HomeVistaa\backend\src\server.ts:15:12)
12:27:22 [[31merror[39m]: Error: listen EADDRINUSE: address already in use :::5000
    at Server.setupListenHandle [as _listen2] (node:net:1937:16)
    at listenInCluster (node:net:1994:12)
    at Server.listen (node:net:2099:7)
    at start (D:\Capritech Global Services\HomeVistaa\backend\src\server.ts:15:12)
11:10:24 [[31merror[39m]: Error: listen EADDRINUSE: address already in use :::5000
    at Server.setupListenHandle [as _listen2] (node:net:1937:16)
    at listenInCluster (node:net:1994:12)
    at Server.listen (node:net:2099:7)
    at start (D:\Capritech Global Services\HomeVistaa\backend\src\server.ts:15:12)
11:18:41 [[31merror[39m]: Error: listen EADDRINUSE: address already in use :::5000
    at Server.setupListenHandle [as _listen2] (node:net:1937:16)
    at listenInCluster (node:net:1994:12)
    at Server.listen (node:net:2099:7)
    at start (D:\Capritech Global Services\HomeVistaa\backend\src\server.ts:15:12)
